// Vitest Snapshot v1, https://vitest.dev/guide/snapshot.html

exports[`getData > Корректное значение 1`] = `
[
  "1",
  "2",
  "3",
]
`;
